[backblue.gif]
[fade.gif]
[index.html]
[dhtheme.com/buttermilk/templates/buttermilk/images/favicon.ico]
[dhtheme.com/buttermilk/images/Demo/elements/farm.png]
[dhtheme.com/buttermilk/media/jui/js/jquery.min86d6.js]
[dhtheme.com/buttermilk/media/jui/js/jquery-noconflict86d6.js]
[dhtheme.com/buttermilk/media/jui/js/jquery-migrate.min86d6.js]
[dhtheme.com/buttermilk/components/com_sppagebuilder/assets/js/jquery.parallax.js]
[dhtheme.com/buttermilk/components/com_sppagebuilder/assets/js/sppagebuilder.js]
[dhtheme.com/buttermilk/components/com_sppagebuilder/assets/js/jquery.magnific-popup.min.js]
[dhtheme.com/buttermilk/components/com_virtuemart/assets/js/jquery-ui.mine17e.js]
[dhtheme.com/buttermilk/components/com_virtuemart/assets/js/jquery.ui.autocomplete.html.js]
[dhtheme.com/buttermilk/components/com_virtuemart/assets/js/jquery.noconflict.js]
[dhtheme.com/buttermilk/components/com_virtuemart/assets/js/vmsitea567.js]
[dhtheme.com/buttermilk/components/com_virtuemart/assets/js/fancybox/jquery.fancybox-1.3.4.packa909.js]
[dhtheme.com/buttermilk/components/com_virtuemart/assets/js/vmpricesa567.js]
[dhtheme.com/buttermilk/components/com_virtuemart/assets/js/chosen.jquery.mina567.js]
[dhtheme.com/buttermilk/templates/buttermilk/js/bootstrap.min.js]
[dhtheme.com/buttermilk/templates/buttermilk/js/jquery.sticky.js]
[dhtheme.com/buttermilk/templates/buttermilk/js/main.js]
[dhtheme.com/buttermilk/templates/buttermilk/js/frontend-edit.js]
[dhtheme.com/buttermilk/media/com_uniterevolution2/assets/rs-plugin/js/jquery.themepunch.tools.min.js]
[dhtheme.com/buttermilk/media/com_uniterevolution2/assets/rs-plugin/js/jquery.themepunch.revolution.min.js]
[dhtheme.com/buttermilk/modules/mod_virtuemart_cart/assets/js/update_carta567.js]
[dhtheme.com/buttermilk/media/system/js/core86d6.js]
[dhtheme.com/buttermilk/templates/buttermilk/images/presets/preset1/logo.png]
[dhtheme.com/buttermilk/templates/buttermilk/images/presets/preset1/logo@2x.png]
[dhtheme.com/buttermilk/images/Demo/elements/categories.png]
[dhtheme.com/buttermilk/images/Demo/elements/slide1.jpg]
[dhtheme.com/buttermilk/images/Demo/elements/board.png]
[dhtheme.com/buttermilk/images/Demo/elements/butter.png]
[dhtheme.com/buttermilk/images/Demo/elements/spoon.png]
[dhtheme.com/buttermilk/images/Demo/elements/cheese.png]
[dhtheme.com/buttermilk/images/Demo/elements/coffee.png]
[dhtheme.com/buttermilk/images/Demo/elements/mint.png]
[dhtheme.com/buttermilk/images/Demo/elements/toast.png]
[dhtheme.com/buttermilk/images/Demo/elements/slide2.jpg]
[dhtheme.com/buttermilk/images/Demo/elements/circle.png]
[dhtheme.com/buttermilk/media/com_uniterevolution2/assets/images/transparent.png]
[dhtheme.com/buttermilk/images/Demo/elements/banana-yogurt.png]
[dhtheme.com/buttermilk/images/Demo/elements/process1.png]
[dhtheme.com/buttermilk/images/Demo/elements/process2.png]
[dhtheme.com/buttermilk/images/Demo/elements/process3.png]
[dhtheme.com/buttermilk/images/Demo/elements/why.jpg]
[dhtheme.com/buttermilk/images/virtuemart/product/resized/ghee_500x500.jpg]
[dhtheme.com/buttermilk/images/virtuemart/product/resized/white-cheese_500x500.jpg]
[dhtheme.com/buttermilk/images/virtuemart/product/resized/yogurt-strawberry_500x500.jpg]
[dhtheme.com/buttermilk/images/virtuemart/product/resized/yogurt-bulgarian_500x500.jpg]
[dhtheme.com/buttermilk/images/Demo/elements/bottles.png]
[dhtheme.com/buttermilk/images/Demo/elements/certified.png]
[dhtheme.com/buttermilk/images/Demo/elements/payment-methods.png]
[dhtheme.com/buttermilk/index.html]
[dhtheme.com/buttermilk/components/com_sppagebuilder/assets/fonts/fontawesome-webfont3e6e.eot]
[dhtheme.com/buttermilk/components/com_sppagebuilder/assets/fonts/fontawesome-webfontd41d.eot]
[dhtheme.com/buttermilk/components/com_sppagebuilder/assets/fonts/fontawesome-webfont3e6e.woff2]
[dhtheme.com/buttermilk/components/com_sppagebuilder/assets/fonts/fontawesome-webfont3e6e.woff]
[dhtheme.com/buttermilk/components/com_sppagebuilder/assets/fonts/fontawesome-webfont3e6e.ttf]
[dhtheme.com/buttermilk/components/com_sppagebuilder/assets/css/font-awesome.min.css]
[dhtheme.com/buttermilk/components/com_sppagebuilder/assets/css/animate.min.css]
[dhtheme.com/buttermilk/components/com_sppagebuilder/assets/css/sppagebuilder.css]
[dhtheme.com/buttermilk/components/com_sppagebuilder/assets/css/sppagecontainer.css]
[dhtheme.com/buttermilk/components/com_sppagebuilder/assets/css/magnific-popup.css]
[dhtheme.com/buttermilk/components/com_virtuemart/assets/images/fancybox/fancybox.png]
[dhtheme.com/buttermilk/components/com_virtuemart/assets/images/fancybox/blank.gif]
[dhtheme.com/buttermilk/components/com_virtuemart/assets/images/fancybox/fancybox-x.png]
[dhtheme.com/buttermilk/components/com_virtuemart/assets/images/fancybox/fancybox-y.png]
[dhtheme.com/buttermilk/components/com_virtuemart/assets/images/fancybox/fancy_title_over.png]
[dhtheme.com/buttermilk/components/com_virtuemart/assets/images/fancybox/fancy_close.png]
[dhtheme.com/buttermilk/components/com_virtuemart/assets/images/fancybox/fancy_nav_left.png]
[dhtheme.com/buttermilk/components/com_virtuemart/assets/images/fancybox/fancy_nav_right.png]
[dhtheme.com/buttermilk/components/com_virtuemart/assets/images/fancybox/fancy_title_left.png]
[dhtheme.com/buttermilk/components/com_virtuemart/assets/images/fancybox/fancy_title_main.png]
[dhtheme.com/buttermilk/components/com_virtuemart/assets/images/fancybox/fancy_title_right.png]
[dhtheme.com/buttermilk/components/com_virtuemart/assets/images/fancybox/fancy_loading.png]
[dhtheme.com/buttermilk/components/com_virtuemart/assets/images/fancybox/fancy_shadow_n.png]
[dhtheme.com/buttermilk/components/com_virtuemart/assets/images/fancybox/fancy_shadow_ne.png]
[dhtheme.com/buttermilk/components/com_virtuemart/assets/images/fancybox/fancy_shadow_e.png]
[dhtheme.com/buttermilk/components/com_virtuemart/assets/images/fancybox/fancy_shadow_se.png]
[dhtheme.com/buttermilk/components/com_virtuemart/assets/images/fancybox/fancy_shadow_s.png]
[dhtheme.com/buttermilk/components/com_virtuemart/assets/images/fancybox/fancy_shadow_sw.png]
[dhtheme.com/buttermilk/components/com_virtuemart/assets/images/fancybox/fancy_shadow_w.png]
[dhtheme.com/buttermilk/components/com_virtuemart/assets/images/fancybox/fancy_shadow_nw.png]
[dhtheme.com/buttermilk/components/com_virtuemart/assets/css/jquery.fancybox-1.3.4a567.css]
[dhtheme.com/buttermilk/templates/buttermilk/images/vm2-sprite.png]
[dhtheme.com/buttermilk/templates/buttermilk/images/vmgeneral/backgrounds.png]
[dhtheme.com/buttermilk/templates/buttermilk/css/vm-ltr-commona567.css]
[dhtheme.com/buttermilk/templates/buttermilk/images/vmgeneral/next_16x16.png]
[dhtheme.com/buttermilk/templates/buttermilk/images/vmgeneral/previous_16x16.png]
[dhtheme.com/buttermilk/templates/buttermilk/images/vmgeneral/quantity-controls.png]
[dhtheme.com/buttermilk/templates/buttermilk/images/vmgeneral/arrow_down.png]
[dhtheme.com/buttermilk/templates/buttermilk/images/vmgeneral/default_bg.jpg]
[dhtheme.com/buttermilk/templates/buttermilk/images/vmgeneral/default_hover_bg.jpg]
[dhtheme.com/buttermilk/templates/buttermilk/css/vm-ltr-sitea567.css]
[dhtheme.com/buttermilk/templates/buttermilk/images/color-stars.png]
[dhtheme.com/buttermilk/templates/buttermilk/images/color-stars-small.png]
[dhtheme.com/buttermilk/templates/buttermilk/css/vm-ltr-reviewsa567.css]
[dhtheme.com/buttermilk/components/com_virtuemart/assets/css/chosen-sprite.png]
[dhtheme.com/buttermilk/components/com_virtuemart/assets/css/chosena567.css]
[dhtheme.com/buttermilk/templates/buttermilk/css/bootstrap.min.css]
[dhtheme.com/buttermilk/templates/buttermilk/fonts/fontawesome-webfont3e6e.eot]
[dhtheme.com/buttermilk/templates/buttermilk/fonts/fontawesome-webfontd41d.eot]
[dhtheme.com/buttermilk/templates/buttermilk/fonts/fontawesome-webfont3e6e.woff2]
[dhtheme.com/buttermilk/templates/buttermilk/fonts/fontawesome-webfont3e6e.woff]
[dhtheme.com/buttermilk/templates/buttermilk/fonts/fontawesome-webfont3e6e.ttf]
[dhtheme.com/buttermilk/templates/buttermilk/css/font-awesome.min.css]
[dhtheme.com/buttermilk/templates/buttermilk/css/legacy.css]
[dhtheme.com/buttermilk/templates/buttermilk/fonts/IcoMoon.eot]
[dhtheme.com/buttermilk/templates/buttermilk/fonts/IcoMoon.woff]
[dhtheme.com/buttermilk/templates/buttermilk/fonts/IcoMoond41d.eot]
[dhtheme.com/buttermilk/templates/buttermilk/fonts/IcoMoon.ttf]
[dhtheme.com/buttermilk/templates/buttermilk/images/bread.png]
[dhtheme.com/buttermilk/templates/buttermilk/css/template.css]
[dhtheme.com/buttermilk/templates/buttermilk/images/glows.png]
[dhtheme.com/buttermilk/templates/buttermilk/css/presets/preset1.css]
[dhtheme.com/buttermilk/plugins/system/helix3/assets/css/pagebuilder.css]
[dhtheme.com/buttermilk/templates/buttermilk/css/frontend-edit.css]
[dhtheme.com/buttermilk/media/com_uniterevolution2/assets/rs-plugin/font/revicons90c6.eot]
[dhtheme.com/buttermilk/media/com_uniterevolution2/assets/rs-plugin/font/revicons90c6.woff]
[dhtheme.com/buttermilk/media/com_uniterevolution2/assets/rs-plugin/font/revicons90c6.ttf]
[dhtheme.com/buttermilk/media/com_uniterevolution2/assets/rs-plugin/assets/gridtile.png]
[dhtheme.com/buttermilk/media/com_uniterevolution2/assets/rs-plugin/assets/gridtile_white.png]
[dhtheme.com/buttermilk/media/com_uniterevolution2/assets/rs-plugin/assets/gridtile_3x3.png]
[dhtheme.com/buttermilk/media/com_uniterevolution2/assets/rs-plugin/assets/gridtile_3x3_white.png]
[dhtheme.com/buttermilk/media/com_uniterevolution2/assets/rs-plugin/assets/shadow1.png]
[dhtheme.com/buttermilk/media/com_uniterevolution2/assets/rs-plugin/assets/shadow2.png]
[dhtheme.com/buttermilk/media/com_uniterevolution2/assets/rs-plugin/assets/shadow3.png]
[dhtheme.com/buttermilk/media/com_uniterevolution2/assets/rs-plugin/images/gradient/g30.png]
[dhtheme.com/buttermilk/media/com_uniterevolution2/assets/rs-plugin/images/gradient/g40.png]
[dhtheme.com/buttermilk/media/com_uniterevolution2/assets/rs-plugin/assets/boxed_bgtile.png]
[dhtheme.com/buttermilk/media/com_uniterevolution2/assets/rs-plugin/assets/navigdots_bgtile.png]
[dhtheme.com/buttermilk/media/com_uniterevolution2/assets/rs-plugin/assets/bullet.png]
[dhtheme.com/buttermilk/media/com_uniterevolution2/assets/rs-plugin/assets/bullets.png]
[dhtheme.com/buttermilk/media/com_uniterevolution2/assets/rs-plugin/assets/bullets2.png]
[dhtheme.com/buttermilk/media/com_uniterevolution2/assets/rs-plugin/assets/bullet_boxed.png]
[dhtheme.com/buttermilk/media/com_uniterevolution2/assets/rs-plugin/assets/navigdots.png]
[dhtheme.com/buttermilk/media/com_uniterevolution2/assets/rs-plugin/assets/large_left.png]
[dhtheme.com/buttermilk/media/com_uniterevolution2/assets/rs-plugin/assets/large_right.png]
[dhtheme.com/buttermilk/media/com_uniterevolution2/assets/rs-plugin/assets/small_left.png]
[dhtheme.com/buttermilk/media/com_uniterevolution2/assets/rs-plugin/assets/small_right.png]
[dhtheme.com/buttermilk/media/com_uniterevolution2/assets/rs-plugin/assets/arrow_left.png]
[dhtheme.com/buttermilk/media/com_uniterevolution2/assets/rs-plugin/assets/arrow_right.png]
[dhtheme.com/buttermilk/media/com_uniterevolution2/assets/rs-plugin/assets/small_left_boxed.png]
[dhtheme.com/buttermilk/media/com_uniterevolution2/assets/rs-plugin/assets/small_right_boxed.png]
[dhtheme.com/buttermilk/media/com_uniterevolution2/assets/rs-plugin/assets/arrowleft.png]
[dhtheme.com/buttermilk/media/com_uniterevolution2/assets/rs-plugin/assets/arrowright.png]
[dhtheme.com/buttermilk/media/com_uniterevolution2/assets/rs-plugin/assets/arrow_left2.png]
[dhtheme.com/buttermilk/media/com_uniterevolution2/assets/rs-plugin/assets/arrow_right2.png]
[dhtheme.com/buttermilk/media/com_uniterevolution2/assets/rs-plugin/assets/coloredbg.png]
[dhtheme.com/buttermilk/media/com_uniterevolution2/assets/rs-plugin/assets/loader.gif]
[dhtheme.com/buttermilk/media/com_uniterevolution2/assets/rs-plugin/css/settings.css]
[dhtheme.com/buttermilk/index2b2e.css]
[dhtheme.com/buttermilk/media/com_uniterevolution2/assets/rs-plugin/css/static-captions.css]
[dhtheme.com/buttermilk/index-2.html]
[dhtheme.com/buttermilk/components/com_virtuemart/assets/js/fancybox/jquery.fancybox-1.3.4.packa567.js]
[dhtheme.com/buttermilk/media/system/js/keepalive86d6.js]
[dhtheme.com/buttermilk/images/virtuemart/product/resized/milk_500x500.jpg]
[dhtheme.com/buttermilk/images/virtuemart/product/resized/yogurt-banana_500x500.jpg]
[dhtheme.com/buttermilk/images/virtuemart/product/resized/drinking-yogurt_500x500.jpg]
[dhtheme.com/buttermilk/images/virtuemart/product/resized/ementaler_500x500.jpg]
[dhtheme.com/buttermilk/images/virtuemart/product/resized/gouda-cumin_500x500.jpg]
[dhtheme.com/buttermilk/index.php/shop.html]
[dhtheme.com/buttermilk/images/virtuemart/product/resized/milk-fitness_500x500.jpg]
[dhtheme.com/buttermilk/index.php/shop/categories/milk.html]
[dhtheme.com/buttermilk/images/virtuemart/product/resized/yogurt-natural_500x500.jpg]
[dhtheme.com/buttermilk/images/virtuemart/product/resized/hard-cheese-selection_500x500.jpg]
[dhtheme.com/buttermilk/images/virtuemart/product/resized/melted-cheese-selection_500x500.jpg]
[dhtheme.com/buttermilk/images/virtuemart/product/resized/yellow-cheese_500x500.jpg]
[dhtheme.com/buttermilk/index.php/shop/categories/cheese.html]
[dhtheme.com/buttermilk/images/virtuemart/product/resized/butter_500x500.jpg]
[dhtheme.com/buttermilk/index.php/shop/categories/butter.html]
[dhtheme.com/buttermilk/images/Demo/elements/about.jpg]
[dhtheme.com/buttermilk/images/Demo/elements/organic.png]
[dhtheme.com/buttermilk/images/Demo/elements/products.png]
[dhtheme.com/buttermilk/images/Demo/elements/bulgaricus.png]
[dhtheme.com/buttermilk/images/Demo/elements/team1.png]
[dhtheme.com/buttermilk/images/Demo/elements/team2.png]
[dhtheme.com/buttermilk/images/Demo/elements/team3.png]
[dhtheme.com/buttermilk/images/Demo/elements/team4.png]
[dhtheme.com/buttermilk/images/Demo/elements/logo1.png]
[dhtheme.com/buttermilk/images/Demo/elements/logo2.png]
[dhtheme.com/buttermilk/images/Demo/elements/logo3.png]
[dhtheme.com/buttermilk/index.php/about-us.html]
[dhtheme.com/buttermilk/index.php/blogc0d0]
[dhtheme.com/buttermilk/index.php/blog7b17]
[dhtheme.com/buttermilk/media/system/js/caption86d6.js]
[dhtheme.com/buttermilk/images/Demo/elements/blog1.jpg]
[dhtheme.com/buttermilk/media/system/images/rating_star_blank.png]
[dhtheme.com/buttermilk/images/Demo/elements/blog2.jpg]
[dhtheme.com/buttermilk/media/system/images/rating_star.png]
[dhtheme.com/buttermilk/images/Demo/elements/blog3.jpg]
[dhtheme.com/buttermilk/images/Demo/elements/banner-new.jpg]
[dhtheme.com/buttermilk/index.php/blog.html]
[dhtheme.com/buttermilk/modules/mod_bt_googlemaps/tmpl/js/btbase64.min.js]
[dhtheme.com/buttermilk/modules/mod_bt_googlemaps/tmpl/js/default.js]
[dhtheme.com/buttermilk/images/Demo/elements/cow.png]
[dhtheme.com/buttermilk/index.php/contact.html]
[dhtheme.com/buttermilk/index.php/features/features/feature-box.html]
[dhtheme.com/buttermilk/index.php/features/features/buttons.html]
[dhtheme.com/buttermilk/index.php/features/features/accordions-tabs.html]
[dhtheme.com/buttermilk/components/com_sppagebuilder/assets/js/jquery.easypiechart.min.js]
[dhtheme.com/buttermilk/index.php/features/features/progress-bars-pies.html]
[dhtheme.com/buttermilk/index.php/features/features/pricing-tables.html]
[dhtheme.com/buttermilk/images/Demo/elements/test1.jpg]
[dhtheme.com/buttermilk/images/Demo/elements/test2.jpg]
[dhtheme.com/buttermilk/index.php/features/features/team-testimonials.html]
[dhtheme.com/buttermilk/components/com_sppagebuilder/assets/js/jquery.countdown.min.js]
[dhtheme.com/buttermilk/index.php/features/more-features/animated-numbers-and-countdown.html]
[dhtheme.com/buttermilk/index.php/features/more-features/typography.html]
[dhtheme.com/buttermilk/index.php/features/more-features/module-variations.html]
[dhtheme.com/buttermilk/index.php/features/more-features/module-positions.html]
[dhtheme.com/buttermilk/templates/buttermilk/js/jquery.countdown.min.js]
[dhtheme.com/buttermilk/index114a.html]
[dhtheme.com/buttermilk/index.php/features/more-features/404-error-page.html]
[dhtheme.com/buttermilk/images/Demo/elements/blog4.jpg]
[dhtheme.com/buttermilk/index.php/features/joomla-virtuemart/single-article.html]
[dhtheme.com/buttermilk/media/system/js/mootools-core86d6.js]
[dhtheme.com/buttermilk/media/system/js/punycode86d6.js]
[dhtheme.com/buttermilk/media/system/js/validate86d6.js]
[dhtheme.com/buttermilk/index.php/features/joomla-virtuemart/joomla-registration.html]
[dhtheme.com/buttermilk/index.php/features/joomla-virtuemart/search.html]
[dhtheme.com/buttermilk/images/virtuemart/product/yogurt-bulgarian.jpg]
[dhtheme.com/buttermilk/images/Demo/elements/nut-facts.png]
[dhtheme.com/buttermilk/images/virtuemart/product/resized/drinking-yogurt_250x250.jpg]
[dhtheme.com/buttermilk/images/virtuemart/product/resized/yogurt-strawberry_250x250.jpg]
[dhtheme.com/buttermilk/images/virtuemart/product/resized/milk_250x250.jpg]
[dhtheme.com/buttermilk/index.php/features/joomla-virtuemart/single-product.html]
[dhtheme.com/buttermilk/images/virtuemart/product/ghee.jpg]
[s7.addthis.com/js/300/addthis_widget.js]
[dhtheme.com/buttermilk/index.php/butter/grass-fed-organic-ghee-detail.html]
[dhtheme.com/buttermilk/images/virtuemart/product/white-cheese.jpg]
[dhtheme.com/buttermilk/index.php/cheese/white-cheese-detail.html]
[dhtheme.com/buttermilk/images/virtuemart/product/yogurt-strawberry.jpg]
[dhtheme.com/buttermilk/index.php/milk/strawberry-yogurt-detail.html]
[dhtheme.com/buttermilk/components/com_sppagebuilder/assets/fonts/fontawesome-webfont3e6e.svg]
[dhtheme.com/buttermilk/templates/buttermilk/images/icon_external_link.html]
[dhtheme.com/buttermilk/templates/buttermilk/images/vm-preloader.html]
[dhtheme.com/buttermilk/components/com_virtuemart/assets/css/chosen-sprite@2x.html]
[dhtheme.com/buttermilk/templates/buttermilk/fonts/glyphicons-halflings-regular.html]
[dhtheme.com/buttermilk/templates/buttermilk/fonts/glyphicons-halflings-regular-2.html]
[dhtheme.com/buttermilk/templates/buttermilk/fonts/glyphicons-halflings-regular-3.html]
[dhtheme.com/buttermilk/templates/buttermilk/fonts/glyphicons-halflings-regular-4.html]
[dhtheme.com/buttermilk/templates/buttermilk/fonts/glyphicons-halflings-regular-5.html]
[dhtheme.com/buttermilk/templates/buttermilk/fonts/fontawesome-webfont3e6e.svg]
[dhtheme.com/buttermilk/templates/buttermilk/fonts/IcoMoon.svg]
[dhtheme.com/buttermilk/templates/buttermilk/images/helix-logo-white.html]
[dhtheme.com/buttermilk/templates/buttermilk/css/bootstrap-legacy/variables.html]
[dhtheme.com/buttermilk/templates/buttermilk/css/bootstrap-legacy/mixins.html]
[dhtheme.com/buttermilk/templates/buttermilk/css/bootstrap-legacy/forms.html]
[dhtheme.com/buttermilk/templates/buttermilk/css/bootstrap-legacy/wells.html]
[dhtheme.com/buttermilk/templates/buttermilk/css/bootstrap-legacy/accordion.html]
[dhtheme.com/buttermilk/media/com_uniterevolution2/assets/rs-plugin/font/revicons90c6.svg]
[dhtheme.com/buttermilk/index.php/shop/dirDesc4176.html]
[dhtheme.com/buttermilk/index.php/shop/by,name4176.html]
[dhtheme.com/buttermilk/index.php/shop/by,sku4176.html]
[dhtheme.com/buttermilk/index.php/shop/by,category_name4176.html]
[dhtheme.com/buttermilk/index.php/shop/by,manufacturer_name4176.html]
[dhtheme.com/buttermilk/index.php/shop/by,ordering4176.html]
[dhtheme.com/buttermilk/index.php/shop034f.html]
[dhtheme.com/buttermilk/index.php/shopbd13.html]
[dhtheme.com/buttermilk/images/virtuemart/product/milk.jpg]
[dhtheme.com/buttermilk/index.php/milk/milk-3-6-detail.html]
[dhtheme.com/buttermilk/images/virtuemart/product/yogurt-banana.jpg]
[dhtheme.com/buttermilk/index.php/milk/banana-yogurt-detail.html]
[dhtheme.com/buttermilk/images/virtuemart/product/drinking-yogurt.jpg]
[dhtheme.com/buttermilk/index.php/milk/drinking-yogurt-detail.html]
[dhtheme.com/buttermilk/images/virtuemart/product/ementaler.jpg]
[dhtheme.com/buttermilk/index.php/cheese/emmentaler-detail.html]
[dhtheme.com/buttermilk/images/virtuemart/product/gouda-cumin.jpg]
[dhtheme.com/buttermilk/index.php/cheese/gouda-with-cumin-detail.html]
[dhtheme.com/buttermilk/index.php/milk.html]
[dhtheme.com/buttermilk/index.php/cheese.html]
[dhtheme.com/buttermilk/index.php/butter.html]
[dhtheme.com/buttermilk/index.php/features/joomla-virtuemart/joomla-registration4488.html]
[dhtheme.com/buttermilk/index.php/features/joomla-virtuemart/joomla-registration798d.html]
[dhtheme.com/buttermilk/index.php/milk/dirDesc4176.html]
[dhtheme.com/buttermilk/index.php/milk/by,name4176.html]
[dhtheme.com/buttermilk/index.php/milk/by,sku4176.html]
[dhtheme.com/buttermilk/index.php/milk/by,category_name4176.html]
[dhtheme.com/buttermilk/index.php/milk/by,manufacturer_name4176.html]
[dhtheme.com/buttermilk/index.php/milk/by,ordering4176.html]
[dhtheme.com/buttermilk/index.php/shop/categories/milk034f.html]
[dhtheme.com/buttermilk/images/virtuemart/product/milk-fitness.jpg]
[dhtheme.com/buttermilk/index.php/milk/milk-fitness-0-1-detail.html]
[dhtheme.com/buttermilk/images/virtuemart/product/yogurt-natural.jpg]
[dhtheme.com/buttermilk/index.php/milk/natural-yogurt-detail.html]
[dhtheme.com/buttermilk/index.php/cheese/dirDesc4176.html]
[dhtheme.com/buttermilk/index.php/cheese/by,name4176.html]
[dhtheme.com/buttermilk/index.php/cheese/by,sku4176.html]
[dhtheme.com/buttermilk/index.php/cheese/by,category_name4176.html]
[dhtheme.com/buttermilk/index.php/cheese/by,manufacturer_name4176.html]
[dhtheme.com/buttermilk/index.php/cheese/by,ordering4176.html]
[dhtheme.com/buttermilk/images/virtuemart/product/hard-cheese-selection.jpg]
[dhtheme.com/buttermilk/index.php/cheese/hard-cheese-selection-detail.html]
[dhtheme.com/buttermilk/images/virtuemart/product/melted-cheese-selection.jpg]
[dhtheme.com/buttermilk/index.php/cheese/melted-cheese-selection-detail.html]
[dhtheme.com/buttermilk/images/virtuemart/product/yellow-cheese.jpg]
[dhtheme.com/buttermilk/index.php/cheese/yellow-cheese-detail.html]
[dhtheme.com/buttermilk/index.php/butter/dirDesc4176.html]
[dhtheme.com/buttermilk/index.php/butter/by,name4176.html]
[dhtheme.com/buttermilk/index.php/butter/by,sku4176.html]
[dhtheme.com/buttermilk/index.php/butter/by,category_name4176.html]
[dhtheme.com/buttermilk/index.php/butter/by,manufacturer_name4176.html]
[dhtheme.com/buttermilk/index.php/butter/by,ordering4176.html]
[dhtheme.com/buttermilk/images/virtuemart/product/butter.jpg]
[dhtheme.com/buttermilk/index.php/butter/organic-butter-detail.html]
[dhtheme.com/buttermilk/index.php/blog/16-100-organic-products.html]
[dhtheme.com/buttermilk/index.php/blog/17-why-butter-is-good-for-your-health.html]
[dhtheme.com/buttermilk/index.php/blog/18-company-produces-frozen-yogurt-with-traditional-bulgarian-yogurt.html]
[dhtheme.com/buttermilk/images/Demo/elements/blog5.jpg]
[dhtheme.com/buttermilk/index.php/blogf0e5.html]
[dhtheme.com/buttermilk/index.php/milk/bulgarian-yogurt-detail.html]
[dhtheme.com/buttermilk/modules/mod_bt_googlemaps/tmpl/css/style.css]
[dhtheme.com/buttermilk/index.php/features/joomla-virtuemart/single-articlef463.html]
[dhtheme.com/buttermilk/index.php/blog/20-best-soft-cheese-selection.html]
[dhtheme.com/buttermilk/index.php/shop4176.html]
[dhtheme.com/buttermilk/index.php/shop/dirDesc/results,7-12.html]
[dhtheme.com/buttermilk/index.php/shop/dirDesc/results,13-18.html]
[dhtheme.com/buttermilk/index.php/shop/by,name/dirDesc4176.html]
[dhtheme.com/buttermilk/index.php/shop/by,name/results,7-12.html]
[dhtheme.com/buttermilk/index.php/shop/by,name/results,13-18.html]
[dhtheme.com/buttermilk/index.php/shop/by,`p`.product_sku/dirDesc4176.html]
[dhtheme.com/buttermilk/index.php/shop/by,sku/results,7-12.html]
[dhtheme.com/buttermilk/index.php/shop/by,sku/results,13-18.html]
[dhtheme.com/buttermilk/index.php/shop/by,category_name/dirDesc4176.html]
[dhtheme.com/buttermilk/index.php/shop/by,category_name/results,7-12.html]
[dhtheme.com/buttermilk/index.php/shop/by,category_name/results,13-18.html]
[dhtheme.com/buttermilk/index.php/shop/by,manufacturer_name/dirDesc4176.html]
[dhtheme.com/buttermilk/index.php/shop/by,manufacturer_name/results,7-12.html]
[dhtheme.com/buttermilk/index.php/shop/by,manufacturer_name/results,13-18.html]
[dhtheme.com/buttermilk/index.php/shop/by,pc.ordering/dirDesc4176.html]
[dhtheme.com/buttermilk/index.php/shop/by,pc.ordering/results,7-12.html]
[dhtheme.com/buttermilk/index.php/shop/by,pc.ordering/results,13-18.html]
[dhtheme.com/buttermilk/index.php/shop/dirDesc/results,7-124176.html]
[dhtheme.com/buttermilk/index.php/shop/by,name/results,7-124176.html]
[dhtheme.com/buttermilk/index.php/shop/by,sku/results,7-124176.html]
[dhtheme.com/buttermilk/index.php/shop/by,category_name/results,7-124176.html]
[dhtheme.com/buttermilk/index.php/shop/by,manufacturer_name/results,7-124176.html]
[dhtheme.com/buttermilk/index.php/shop/by,ordering/results,7-124176.html]
[dhtheme.com/buttermilk/index.php/shop0654.html]
[dhtheme.com/buttermilk/index.php/shop/dirDesc/results,13-184176.html]
[dhtheme.com/buttermilk/index.php/shop/by,name/results,13-184176.html]
[dhtheme.com/buttermilk/index.php/shop/by,sku/results,13-184176.html]
[dhtheme.com/buttermilk/index.php/shop/by,category_name/results,13-184176.html]
[dhtheme.com/buttermilk/index.php/shop/by,manufacturer_name/results,13-184176.html]
[dhtheme.com/buttermilk/index.php/shop/by,ordering/results,13-184176.html]
[dhtheme.com/buttermilk/index.php/milk034f.html]
[dhtheme.com/buttermilk/index.php/milk4176.html]
[dhtheme.com/buttermilk/index.php/milk/dirDesc/results,7-12.html]
[dhtheme.com/buttermilk/index.php/milk/by,name/dirDesc4176.html]
[dhtheme.com/buttermilk/index.php/milk/by,name/results,7-12.html]
[dhtheme.com/buttermilk/index.php/milk/by,`p`.product_sku/dirDesc4176.html]
[dhtheme.com/buttermilk/index.php/milk/by,sku/results,7-12.html]
[dhtheme.com/buttermilk/index.php/milk/by,category_name/dirDesc4176.html]
[dhtheme.com/buttermilk/index.php/milk/by,category_name/results,7-12.html]
[dhtheme.com/buttermilk/index.php/milk/by,manufacturer_name/dirDesc4176.html]
[dhtheme.com/buttermilk/index.php/milk/by,manufacturer_name/results,7-12.html]
[dhtheme.com/buttermilk/index.php/milk/by,pc.ordering/dirDesc4176.html]
[dhtheme.com/buttermilk/index.php/milk/by,pc.ordering/results,7-12.html]
[dhtheme.com/buttermilk/index.php/milk/dirDesc/results,7-124176.html]
[dhtheme.com/buttermilk/index.php/milk/by,name/results,7-124176.html]
[dhtheme.com/buttermilk/index.php/milk/by,sku/results,7-124176.html]
[dhtheme.com/buttermilk/index.php/milk/by,category_name/results,7-124176.html]
[dhtheme.com/buttermilk/index.php/milk/by,manufacturer_name/results,7-124176.html]
[dhtheme.com/buttermilk/index.php/milk/by,ordering/results,7-124176.html]
[dhtheme.com/buttermilk/index.php/shop/categories/milk0654.html]
[dhtheme.com/buttermilk/index.php/cheese4176.html]
[dhtheme.com/buttermilk/index.php/cheese/by,name/dirDesc4176.html]
[dhtheme.com/buttermilk/index.php/cheese/by,`p`.product_sku/dirDesc4176.html]
[dhtheme.com/buttermilk/index.php/cheese/by,category_name/dirDesc4176.html]
[dhtheme.com/buttermilk/index.php/cheese/by,manufacturer_name/dirDesc4176.html]
[dhtheme.com/buttermilk/index.php/cheese/by,pc.ordering/dirDesc4176.html]
[dhtheme.com/buttermilk/index.php/butter4176.html]
[dhtheme.com/buttermilk/index.php/butter/by,name/dirDesc4176.html]
[dhtheme.com/buttermilk/index.php/butter/by,`p`.product_sku/dirDesc4176.html]
[dhtheme.com/buttermilk/index.php/butter/by,category_name/dirDesc4176.html]
[dhtheme.com/buttermilk/index.php/butter/by,manufacturer_name/dirDesc4176.html]
[dhtheme.com/buttermilk/index.php/butter/by,pc.ordering/dirDesc4176.html]
[dhtheme.com/buttermilk/index.php/blog/16-100-organic-productsf463.html]
[dhtheme.com/buttermilk/index.php/blog/17-why-butter-is-good-for-your-healthf463.html]
[dhtheme.com/buttermilk/index.php/blog/18-company-produces-frozen-yogurt-with-traditional-bulgarian-yogurtf463.html]
[dhtheme.com/buttermilk/index.php/blog/20-best-soft-cheese-selectionf463.html]
[dhtheme.com/buttermilk/index.php/shop/results,7-124176.html]
[dhtheme.com/buttermilk/index.php/shop/dirDesc.html]
[dhtheme.com/buttermilk/index.php/shop/results,13-184176.html]
[dhtheme.com/buttermilk/index.php/shop/by,name/dirDesc/results,7-12.html]
[dhtheme.com/buttermilk/index.php/shop/by,name/dirDesc/results,13-18.html]
[dhtheme.com/buttermilk/index.php/shop/by,name/dirDesc/results,7-124176.html]
[dhtheme.com/buttermilk/index.php/shop/by,name.html]
[dhtheme.com/buttermilk/index.php/shop/by,name/dirDesc/results,13-184176.html]
[dhtheme.com/buttermilk/index.php/shop/by,`p`4176.html]
[dhtheme.com/buttermilk/index.php/shop/by,`p`.product_sku/dirDesc/results,7-12.html]
[dhtheme.com/buttermilk/index.php/shop/by,`p`.product_sku/dirDesc/results,13-18.html]
[dhtheme.com/buttermilk/index.php/shop/by,`p`.product_sku/dirDesc/results,7-124176.html]
[dhtheme.com/buttermilk/index.php/shop/by,sku.html]
[dhtheme.com/buttermilk/index.php/shop/by,`p`.product_sku/dirDesc/results,13-184176.html]
[dhtheme.com/buttermilk/index.php/shop/by,category_name/dirDesc/results,7-12.html]
[dhtheme.com/buttermilk/index.php/shop/by,category_name/dirDesc/results,13-18.html]
[dhtheme.com/buttermilk/index.php/shop/by,category_name/dirDesc/results,7-124176.html]
[dhtheme.com/buttermilk/index.php/shop/by,category_name.html]
[dhtheme.com/buttermilk/index.php/shop/by,category_name/dirDesc/results,13-184176.html]
[dhtheme.com/buttermilk/index.php/shop/by,manufacturer_name/dirDesc/results,7-12.html]
[dhtheme.com/buttermilk/index.php/shop/by,manufacturer_name/dirDesc/results,13-18.html]
[dhtheme.com/buttermilk/index.php/shop/by,manufacturer_name/dirDesc/results,7-124176.html]
[dhtheme.com/buttermilk/index.php/shop/by,manufacturer_name.html]
[dhtheme.com/buttermilk/index.php/shop/by,manufacturer_name/dirDesc/results,13-184176.html]
[dhtheme.com/buttermilk/index.php/shop/by,pc4176.html]
[dhtheme.com/buttermilk/index.php/shop/by,pc.ordering/dirDesc/results,7-12.html]
[dhtheme.com/buttermilk/index.php/shop/by,pc.ordering/dirDesc/results,13-18.html]
[dhtheme.com/buttermilk/index.php/shop/by,pc.ordering/dirDesc/results,7-124176.html]
[dhtheme.com/buttermilk/index.php/shop/by,pc.html]
[dhtheme.com/buttermilk/index.php/shop/by,pc.ordering/dirDesc/results,13-184176.html]
[dhtheme.com/buttermilk/index.php/milk0654.html]
[dhtheme.com/buttermilk/index.php/milk/results,7-124176.html]
[dhtheme.com/buttermilk/index.php/milk/dirDesc.html]
[dhtheme.com/buttermilk/index.php/milk/by,name/dirDesc/results,7-12.html]
[dhtheme.com/buttermilk/index.php/milk/by,name/dirDesc/results,7-124176.html]
[dhtheme.com/buttermilk/index.php/milk/by,name.html]
[dhtheme.com/buttermilk/index.php/milk/by,`p`4176.html]
[dhtheme.com/buttermilk/index.php/milk/by,`p`.product_sku/dirDesc/results,7-12.html]
[dhtheme.com/buttermilk/index.php/milk/by,`p`.product_sku/dirDesc/results,7-124176.html]
[dhtheme.com/buttermilk/index.php/milk/by,sku.html]
[dhtheme.com/buttermilk/index.php/milk/by,category_name/dirDesc/results,7-12.html]
[dhtheme.com/buttermilk/index.php/milk/by,category_name/dirDesc/results,7-124176.html]
[dhtheme.com/buttermilk/index.php/milk/by,category_name.html]
[dhtheme.com/buttermilk/index.php/milk/by,manufacturer_name/dirDesc/results,7-12.html]
[dhtheme.com/buttermilk/index.php/milk/by,manufacturer_name/dirDesc/results,7-124176.html]
[dhtheme.com/buttermilk/index.php/milk/by,manufacturer_name.html]
[dhtheme.com/buttermilk/index.php/milk/by,pc4176.html]
[dhtheme.com/buttermilk/index.php/milk/by,pc.ordering/dirDesc/results,7-12.html]
[dhtheme.com/buttermilk/index.php/milk/by,pc.ordering/dirDesc/results,7-124176.html]
[dhtheme.com/buttermilk/index.php/milk/by,pc.html]
[dhtheme.com/buttermilk/index.php/cheese/by,`p`4176.html]
[dhtheme.com/buttermilk/index.php/cheese/by,pc4176.html]
[dhtheme.com/buttermilk/index.php/butter/by,`p`4176.html]
[dhtheme.com/buttermilk/index.php/butter/by,pc4176.html]
[dhtheme.com/buttermilk/index.php/shop/results,13-18.html]
[dhtheme.com/buttermilk/index.php/shop/results,7-12.html]
[dhtheme.com/buttermilk/index.php/shop/by,name/dirDesc.html]
[dhtheme.com/buttermilk/index.php/shop/by,`p`.product_sku/results,7-12.html]
[dhtheme.com/buttermilk/index.php/shop/by,`p`.product_sku/results,13-18.html]
[dhtheme.com/buttermilk/index.php/shop/by,`p`.product_sku/results,7-124176.html]
[dhtheme.com/buttermilk/index.php/shop/by,`p`.product_sku/dirDesc.html]
[dhtheme.com/buttermilk/index.php/shop/by,`p`.product_sku/results,13-184176.html]
[dhtheme.com/buttermilk/index.php/shop/by,category_name/dirDesc.html]
[dhtheme.com/buttermilk/index.php/shop/by,manufacturer_name/dirDesc.html]
[dhtheme.com/buttermilk/index.php/shop/by,pc.ordering/results,7-124176.html]
[dhtheme.com/buttermilk/index.php/shop/by,pc.ordering/dirDesc.html]
[dhtheme.com/buttermilk/index.php/shop/by,pc.ordering/results,13-184176.html]
[dhtheme.com/buttermilk/index.php/milk/by,name/dirDesc.html]
[dhtheme.com/buttermilk/index.php/milk/by,`p`.product_sku/results,7-12.html]
[dhtheme.com/buttermilk/index.php/milk/by,`p`.product_sku/results,7-124176.html]
[dhtheme.com/buttermilk/index.php/milk/by,`p`.product_sku/dirDesc.html]
[dhtheme.com/buttermilk/index.php/milk/by,category_name/dirDesc.html]
[dhtheme.com/buttermilk/index.php/milk/by,manufacturer_name/dirDesc.html]
[dhtheme.com/buttermilk/index.php/milk/by,pc.ordering/results,7-124176.html]
[dhtheme.com/buttermilk/index.php/milk/by,pc.ordering/dirDesc.html]
[dhtheme.com/buttermilk/index.php/shop/by,`p`.html]
[dhtheme.com/buttermilk/index.php/milk/by,`p`.html]
